<?xml version="1.0" encoding="UTF-8"?>
<surroundingTag>
    <innerTag>TESTSTRING</innerTag>
</surroundingTag>
